\BOOKMARK [0][-]{cover.0}{\376\377\000C\000o\000v\000e\000r}{}% 1
\BOOKMARK [0][-]{contents.0}{\376\377\000C\000o\000n\000t\000e\000n\000t\000s}{}% 2
\BOOKMARK [0][-]{chapter*.2}{\376\377\000P\000r\000e\000f\000a\000c\000e}{}% 3
\BOOKMARK [0][-]{chapter*.4}{\376\377\000H\000o\000w\000\040\000t\000o\000\040\000R\000e\000a\000d\000\040\000T\000h\000e\000s\000e\000\040\000N\000o\000t\000e\000s}{}% 4
\BOOKMARK [-1][-]{part*.5}{\376\377\000I\000\040\000S\000i\000n\000g\000l\000e\000-\000V\000a\000r\000i\000a\000b\000l\000e\000\040\000C\000a\000l\000c\000u\000l\000u\000s\000\040\000a\000n\000d\000\040\000A\000n\000a\000l\000y\000s\000i\000s}{}% 5
\BOOKMARK [0][-]{chapter*.6}{\376\377\000M\000o\000t\000i\000v\000a\000t\000i\000o\000n\000\040\000a\000n\000d\000\040\000t\000h\000e\000\040\000T\000r\000a\000n\000s\000i\000t\000i\000o\000n\000\040\000f\000r\000o\000m\000\040\000C\000a\000l\000c\000u\000l\000u\000s\000\040\000t\000o\000\040\000A\000n\000a\000l\000y\000s\000i\000s}{part*.5}% 6
\BOOKMARK [1][-]{section*.7}{\376\377\000W\000h\000y\000\040\000C\000a\000l\000c\000u\000l\000u\000s\000\040\000N\000e\000e\000d\000s\000\040\000F\000o\000u\000n\000d\000a\000t\000i\000o\000n\000s}{chapter*.6}% 7
\BOOKMARK [1][-]{section*.9}{\376\377\000A\000\040\000F\000i\000r\000s\000t\000\040\000L\000o\000o\000k\000\040\000a\000t\000\040\000L\000i\000m\000i\000t\000s}{chapter*.6}% 8
\BOOKMARK [1][-]{section*.11}{\376\377\000T\000h\000e\000\040\000S\000t\000r\000u\000c\000t\000u\000r\000a\000l\000\040\000I\000d\000e\000a\000s\000\040\000o\000f\000\040\000A\000n\000a\000l\000y\000s\000i\000s}{chapter*.6}% 9
\BOOKMARK [1][-]{section*.12}{\376\377\000W\000a\000r\000n\000i\000n\000g\000s\000\040\000T\000h\000a\000t\000\040\000M\000o\000t\000i\000v\000a\000t\000e\000\040\000H\000y\000p\000o\000t\000h\000e\000s\000e\000s}{chapter*.6}% 10
\BOOKMARK [1][-]{section*.15}{\376\377\000R\000o\000a\000d\000\040\000M\000a\000p}{chapter*.6}% 11
\BOOKMARK [1][-]{section*.16}{\376\377\000E\000x\000e\000r\000c\000i\000s\000e\000s}{chapter*.6}% 12
\BOOKMARK [0][-]{chapter*.18}{\376\377\000B\000a\000s\000i\000c\000\040\000S\000e\000t\000\040\000T\000h\000e\000o\000r\000y\000,\000\040\000L\000o\000g\000i\000c\000,\000\040\000F\000u\000n\000c\000t\000i\000o\000n\000s\000,\000\040\000a\000n\000d\000\040\000R\000e\000l\000a\000t\000i\000o\000n\000s}{part*.5}% 13
\BOOKMARK [1][-]{section*.19}{\376\377\000S\000e\000t\000s}{chapter*.18}% 14
\BOOKMARK [1][-]{section*.23}{\376\377\000L\000o\000g\000i\000c\000\040\000a\000n\000d\000\040\000P\000r\000o\000o\000f\000s}{chapter*.18}% 15
\BOOKMARK [2][-]{subsection*.24}{\376\377\000W\000r\000i\000t\000i\000n\000g\000\040\000P\000r\000o\000o\000f\000s}{section*.23}% 16
\BOOKMARK [1][-]{section*.26}{\376\377\000R\000e\000l\000a\000t\000i\000o\000n\000s\000\040\000a\000n\000d\000\040\000F\000u\000n\000c\000t\000i\000o\000n\000s}{chapter*.18}% 17
\BOOKMARK [1][-]{section*.44}{\376\377\000T\000h\000e\000\040\000N\000a\000t\000u\000r\000a\000l\000\040\000N\000u\000m\000b\000e\000r\000s\000,\000\040\000I\000n\000t\000e\000g\000e\000r\000s\000,\000\040\000a\000n\000d\000\040\000R\000a\000t\000i\000o\000n\000a\000l\000\040\000N\000u\000m\000b\000e\000r\000s}{chapter*.18}% 18
\BOOKMARK [1][-]{section*.49}{\376\377\000C\000o\000u\000n\000t\000a\000b\000i\000l\000i\000t\000y}{chapter*.18}% 19
\BOOKMARK [1][-]{section*.55}{\376\377\000C\000h\000o\000i\000c\000e}{chapter*.18}% 20
\BOOKMARK [1][-]{section*.57}{\376\377\000E\000x\000e\000r\000c\000i\000s\000e\000s}{chapter*.18}% 21
\BOOKMARK [0][-]{chapter*.68}{\376\377\000T\000h\000e\000\040\000R\000e\000a\000l\000\040\000N\000u\000m\000b\000e\000r\000\040\000S\000y\000s\000t\000e\000m}{part*.5}% 22
\BOOKMARK [1][-]{section*.69}{\376\377\000O\000r\000d\000e\000r\000e\000d\000\040\000F\000i\000e\000l\000d\000s\000\040\000a\000n\000d\000\040\000t\000h\000e\000\040\000P\000r\000o\000b\000l\000e\000m\000\040\000t\000o\000\040\000B\000e\000\040\000S\000o\000l\000v\000e\000d}{chapter*.68}% 23
\BOOKMARK [1][-]{section*.77}{\376\377\000R\000a\000t\000i\000o\000n\000a\000l\000\040\000N\000u\000m\000b\000e\000r\000s\000,\000\040\000C\000o\000m\000p\000l\000e\000t\000e\000n\000e\000s\000s\000,\000\040\000a\000n\000d\000\040\000U\000n\000i\000q\000u\000e\000n\000e\000s\000s}{chapter*.68}% 24
\BOOKMARK [1][-]{section*.89}{\376\377\000C\000a\000u\000c\000h\000y\000\040\000S\000e\000q\000u\000e\000n\000c\000e\000s\000\040\000o\000f\000\040\000R\000a\000t\000i\000o\000n\000a\000l\000\040\000N\000u\000m\000b\000e\000r\000s}{chapter*.68}% 25
\BOOKMARK [1][-]{section*.100}{\376\377\000O\000r\000d\000e\000r\000\040\000a\000n\000d\000\040\000C\000o\000m\000p\000l\000e\000t\000e\000n\000e\000s\000s}{chapter*.68}% 26
\BOOKMARK [1][-]{section*.116}{\376\377\000E\000x\000e\000r\000c\000i\000s\000e\000s}{chapter*.68}% 27
\BOOKMARK [0][-]{chapter*.120}{\376\377\000S\000e\000q\000u\000e\000n\000c\000e\000s\000\040\000o\000f\000\040\000R\000e\000a\000l\000\040\000N\000u\000m\000b\000e\000r\000s}{part*.5}% 28
\BOOKMARK [1][-]{section*.121}{\376\377\000C\000o\000n\000v\000e\000r\000g\000e\000n\000c\000e}{chapter*.120}% 29
\BOOKMARK [1][-]{section*.126}{\376\377\000A\000l\000g\000e\000b\000r\000a\000\040\000a\000n\000d\000\040\000O\000r\000d\000e\000r\000\040\000o\000f\000\040\000L\000i\000m\000i\000t\000s}{chapter*.120}% 30
\BOOKMARK [1][-]{section*.130}{\376\377\000S\000u\000b\000s\000e\000q\000u\000e\000n\000c\000e\000s\000\040\000a\000n\000d\000\040\000E\000l\000e\000m\000e\000n\000t\000a\000r\000y\000\040\000D\000i\000v\000e\000r\000g\000e\000n\000c\000e}{chapter*.120}% 31
\BOOKMARK [1][-]{section*.135}{\376\377\000C\000o\000m\000p\000l\000e\000t\000e\000n\000e\000s\000s\000\040\000C\000o\000n\000s\000e\000q\000u\000e\000n\000c\000e\000s}{chapter*.120}% 32
\BOOKMARK [1][-]{section*.143}{\376\377\000E\000q\000u\000i\000v\000a\000l\000e\000n\000t\000\040\000C\000o\000m\000p\000l\000e\000t\000e\000n\000e\000s\000s\000\040\000P\000r\000i\000n\000c\000i\000p\000l\000e\000s}{chapter*.120}% 33
\BOOKMARK [1][-]{section*.150}{\376\377\000E\000x\000e\000r\000c\000i\000s\000e\000s}{chapter*.120}% 34
\BOOKMARK [0][-]{chapter*.154}{\376\377\000L\000i\000m\000i\000t\000s\000\040\000a\000n\000d\000\040\000C\000o\000n\000t\000i\000n\000u\000i\000t\000y\000\040\000o\000f\000\040\000F\000u\000n\000c\000t\000i\000o\000n\000s}{part*.5}% 35
\BOOKMARK [1][-]{section*.155}{\376\377\000L\000i\000m\000i\000t\000s\000\040\000a\000t\000\040\000a\000\040\000P\000o\000i\000n\000t}{chapter*.154}% 36
\BOOKMARK [1][-]{section*.160}{\376\377\000C\000o\000n\000t\000i\000n\000u\000i\000t\000y}{chapter*.154}% 37
\BOOKMARK [1][-]{section*.167}{\376\377\000U\000n\000i\000f\000o\000r\000m\000\040\000C\000o\000n\000t\000i\000n\000u\000i\000t\000y}{chapter*.154}% 38
\BOOKMARK [1][-]{section*.171}{\376\377\000I\000n\000t\000e\000r\000m\000e\000d\000i\000a\000t\000e\000\040\000V\000a\000l\000u\000e\000s}{chapter*.154}% 39
\BOOKMARK [1][-]{section*.173}{\376\377\000C\000o\000m\000p\000a\000c\000t\000\040\000I\000n\000t\000e\000r\000v\000a\000l\000s}{chapter*.154}% 40
\BOOKMARK [1][-]{section*.178}{\376\377\000E\000x\000e\000r\000c\000i\000s\000e\000s}{chapter*.154}% 41
\BOOKMARK [0][-]{chapter*.182}{\376\377\000S\000e\000q\000u\000e\000n\000c\000e\000s\000\040\000a\000n\000d\000\040\000F\000a\000m\000i\000l\000i\000e\000s\000\040\000o\000f\000\040\000F\000u\000n\000c\000t\000i\000o\000n\000s}{part*.5}% 42
\BOOKMARK [1][-]{section*.183}{\376\377\000P\000o\000i\000n\000t\000w\000i\000s\000e\000\040\000a\000n\000d\000\040\000U\000n\000i\000f\000o\000r\000m\000\040\000C\000o\000n\000v\000e\000r\000g\000e\000n\000c\000e}{chapter*.182}% 43
\BOOKMARK [1][-]{section*.187}{\376\377\000C\000o\000n\000t\000i\000n\000u\000o\000u\000s\000\040\000L\000i\000m\000i\000t\000s}{chapter*.182}% 44
\BOOKMARK [1][-]{section*.193}{\376\377\000E\000q\000u\000i\000c\000o\000n\000t\000i\000n\000u\000i\000t\000y}{chapter*.182}% 45
\BOOKMARK [1][-]{section*.197}{\376\377\000E\000x\000e\000r\000c\000i\000s\000e\000s}{chapter*.182}% 46
\BOOKMARK [0][-]{chapter*.201}{\376\377\000I\000n\000f\000i\000n\000i\000t\000e\000\040\000S\000e\000r\000i\000e\000s}{part*.5}% 47
\BOOKMARK [1][-]{section*.202}{\376\377\000S\000e\000r\000i\000e\000s\000,\000\040\000P\000a\000r\000t\000i\000a\000l\000\040\000S\000u\000m\000s\000,\000\040\000a\000n\000d\000\040\000t\000h\000e\000\040\000C\000a\000u\000c\000h\000y\000\040\000C\000r\000i\000t\000e\000r\000i\000o\000n}{chapter*.201}% 48
\BOOKMARK [1][-]{section*.207}{\376\377\000N\000o\000n\000n\000e\000g\000a\000t\000i\000v\000e\000\040\000S\000e\000r\000i\000e\000s\000\040\000a\000n\000d\000\040\000C\000o\000m\000p\000a\000r\000i\000s\000o\000n}{chapter*.201}% 49
\BOOKMARK [1][-]{section*.212}{\376\377\000A\000b\000s\000o\000l\000u\000t\000e\000\040\000C\000o\000n\000v\000e\000r\000g\000e\000n\000c\000e\000\040\000a\000n\000d\000\040\000P\000r\000o\000d\000u\000c\000t\000s}{chapter*.201}% 50
\BOOKMARK [1][-]{section*.217}{\376\377\000R\000a\000t\000i\000o\000,\000\040\000R\000o\000o\000t\000,\000\040\000a\000n\000d\000\040\000A\000l\000t\000e\000r\000n\000a\000t\000i\000n\000g\000\040\000T\000e\000s\000t\000s}{chapter*.201}% 51
\BOOKMARK [1][-]{section*.226}{\376\377\000P\000o\000w\000e\000r\000\040\000S\000e\000r\000i\000e\000s}{chapter*.201}% 52
\BOOKMARK [1][-]{section*.231}{\376\377\000E\000x\000e\000r\000c\000i\000s\000e\000s}{chapter*.201}% 53
\BOOKMARK [0][-]{chapter*.236}{\376\377\000D\000i\000f\000f\000e\000r\000e\000n\000t\000i\000a\000t\000i\000o\000n}{part*.5}% 54
\BOOKMARK [1][-]{section*.237}{\376\377\000D\000e\000r\000i\000v\000a\000t\000i\000v\000e\000\040\000a\000n\000d\000\040\000D\000i\000f\000f\000e\000r\000e\000n\000t\000i\000a\000b\000i\000l\000i\000t\000y}{chapter*.236}% 55
\BOOKMARK [1][-]{section*.241}{\376\377\000C\000h\000a\000i\000n\000\040\000R\000u\000l\000e\000\040\000a\000n\000d\000\040\000M\000e\000a\000n\000\040\000V\000a\000l\000u\000e\000\040\000T\000h\000e\000o\000r\000e\000m\000s}{chapter*.236}% 56
\BOOKMARK [1][-]{section*.247}{\376\377\000D\000e\000f\000i\000n\000i\000t\000i\000o\000n\000s\000\040\000o\000f\000\040\000E\000l\000e\000m\000e\000n\000t\000a\000r\000y\000\040\000F\000u\000n\000c\000t\000i\000o\000n\000s}{chapter*.236}% 57
\BOOKMARK [1][-]{section*.249}{\376\377\000D\000i\000f\000f\000e\000r\000e\000n\000t\000i\000a\000t\000i\000n\000g\000\040\000L\000i\000m\000i\000t\000s\000\040\000a\000n\000d\000\040\000P\000o\000w\000e\000r\000\040\000S\000e\000r\000i\000e\000s}{chapter*.236}% 58
\BOOKMARK [1][-]{section*.254}{\376\377\000T\000h\000e\000\040\000S\000t\000a\000n\000d\000a\000r\000d\000\040\000E\000l\000e\000m\000e\000n\000t\000a\000r\000y\000\040\000F\000u\000n\000c\000t\000i\000o\000n\000s}{chapter*.236}% 59
\BOOKMARK [1][-]{section*.267}{\376\377\000E\000x\000e\000r\000c\000i\000s\000e\000s}{chapter*.236}% 60
\BOOKMARK [0][-]{chapter*.271}{\376\377\000R\000i\000e\000m\000a\000n\000n\000\040\000I\000n\000t\000e\000g\000r\000a\000t\000i\000o\000n\000\040\000a\000n\000d\000\040\000F\000T\000C}{part*.5}% 61
\BOOKMARK [1][-]{section*.272}{\376\377\000P\000a\000r\000t\000i\000t\000i\000o\000n\000s\000\040\000a\000n\000d\000\040\000R\000i\000e\000m\000a\000n\000n\000\040\000S\000u\000m\000s}{chapter*.271}% 62
\BOOKMARK [1][-]{section*.277}{\376\377\000C\000o\000n\000t\000i\000n\000u\000o\000u\000s\000\040\000F\000u\000n\000c\000t\000i\000o\000n\000s\000\040\000A\000r\000e\000\040\000I\000n\000t\000e\000g\000r\000a\000b\000l\000e}{chapter*.271}% 63
\BOOKMARK [1][-]{section*.285}{\376\377\000U\000n\000i\000f\000o\000r\000m\000\040\000L\000i\000m\000i\000t\000s\000\040\000a\000n\000d\000\040\000I\000n\000t\000e\000g\000r\000a\000t\000i\000o\000n}{chapter*.271}% 64
\BOOKMARK [1][-]{section*.291}{\376\377\000T\000h\000e\000\040\000F\000u\000n\000d\000a\000m\000e\000n\000t\000a\000l\000\040\000T\000h\000e\000o\000r\000e\000m\000\040\000o\000f\000\040\000C\000a\000l\000c\000u\000l\000u\000s}{chapter*.271}% 65
\BOOKMARK [1][-]{section*.300}{\376\377\000I\000m\000p\000r\000o\000p\000e\000r\000\040\000I\000n\000t\000e\000g\000r\000a\000l\000s}{chapter*.271}% 66
\BOOKMARK [1][-]{section*.305}{\376\377\000T\000h\000e\000\040\000L\000e\000b\000e\000s\000g\000u\000e\000\040\000C\000r\000i\000t\000e\000r\000i\000o\000n\000\040\000f\000o\000r\000\040\000R\000i\000e\000m\000a\000n\000n\000\040\000I\000n\000t\000e\000g\000r\000a\000b\000i\000l\000i\000t\000y}{chapter*.271}% 67
\BOOKMARK [1][-]{section*.322}{\376\377\000L\000i\000m\000i\000t\000s\000\040\000o\000f\000\040\000t\000h\000e\000\040\000R\000i\000e\000m\000a\000n\000n\000\040\000T\000h\000e\000o\000r\000y}{chapter*.271}% 68
\BOOKMARK [1][-]{section*.324}{\376\377\000E\000x\000e\000r\000c\000i\000s\000e\000s}{chapter*.271}% 69
\BOOKMARK [-1][-]{part*.332}{\376\377\000I\000I\000\040\000M\000u\000l\000t\000i\000v\000a\000r\000i\000a\000b\000l\000e\000\040\000C\000a\000l\000c\000u\000l\000u\000s\000\040\000a\000n\000d\000\040\000A\000n\000a\000l\000y\000s\000i\000s}{}% 70
\BOOKMARK [0][-]{chapter*.333}{\376\377\000N\000e\000c\000e\000s\000s\000a\000r\000y\000\040\000T\000o\000p\000o\000l\000o\000g\000y\000\040\000a\000n\000d\000\040\000L\000i\000n\000e\000a\000r\000\040\000A\000l\000g\000e\000b\000r\000a}{part*.332}% 71
\BOOKMARK [1][-]{section*.334}{\376\377\000M\000e\000t\000r\000i\000c\000\040\000S\000p\000a\000c\000e\000s\000\040\000a\000n\000d\000\040\000T\000o\000p\000o\000l\000o\000g\000i\000c\000a\000l\000\040\000S\000p\000a\000c\000e\000s}{chapter*.333}% 72
\BOOKMARK [1][-]{section*.348}{\376\377\000P\000r\000o\000d\000u\000c\000t\000s\000,\000\040\000C\000o\000m\000p\000a\000c\000t\000n\000e\000s\000s\000,\000\040\000a\000n\000d\000\040\000C\000o\000n\000n\000e\000c\000t\000e\000d\000n\000e\000s\000s}{chapter*.333}% 73
\BOOKMARK [1][-]{section*.365}{\376\377\000F\000i\000n\000i\000t\000e\000-\000D\000i\000m\000e\000n\000s\000i\000o\000n\000a\000l\000\040\000V\000e\000c\000t\000o\000r\000\040\000S\000p\000a\000c\000e\000s\000\040\000a\000n\000d\000\040\000L\000i\000n\000e\000a\000r\000\040\000M\000a\000p\000s}{chapter*.333}% 74
\BOOKMARK [1][-]{section*.377}{\376\377\000N\000o\000r\000m\000s\000,\000\040\000P\000e\000r\000m\000u\000t\000a\000t\000i\000o\000n\000s\000,\000\040\000D\000e\000t\000e\000r\000m\000i\000n\000a\000n\000t\000s\000,\000\040\000a\000n\000d\000\040\000O\000r\000i\000e\000n\000t\000a\000t\000i\000o\000n}{chapter*.333}% 75
\BOOKMARK [1][-]{section*.389}{\376\377\000E\000x\000e\000r\000c\000i\000s\000e\000s}{chapter*.333}% 76
\BOOKMARK [1][-]{section*.406}{\376\377\000P\000e\000r\000s\000p\000e\000c\000t\000i\000v\000e\000\040\000a\000n\000d\000\040\000T\000r\000a\000n\000s\000i\000t\000i\000o\000n}{chapter*.333}% 77
\BOOKMARK [0][-]{chapter*.407}{\376\377\000D\000i\000f\000f\000e\000r\000e\000n\000t\000i\000a\000t\000i\000o\000n\000\040\000i\000n\000\040\000F\000i\000n\000i\000t\000e\000-\000D\000i\000m\000e\000n\000s\000i\000o\000n\000a\000l\000\040\000S\000p\000a\000c\000e\000s}{part*.332}% 78
\BOOKMARK [1][-]{section*.408}{\376\377\000D\000i\000f\000f\000e\000r\000e\000n\000t\000i\000a\000b\000i\000l\000i\000t\000y\000\040\000a\000n\000d\000\040\000t\000h\000e\000\040\000D\000e\000r\000i\000v\000a\000t\000i\000v\000e}{chapter*.407}% 79
\BOOKMARK [1][-]{section*.421}{\376\377\000H\000i\000g\000h\000e\000r\000\040\000D\000e\000r\000i\000v\000a\000t\000i\000v\000e\000s\000\040\000a\000n\000d\000\040\000L\000o\000c\000a\000l\000\040\000E\000s\000t\000i\000m\000a\000t\000e\000s}{chapter*.407}% 80
\BOOKMARK [1][-]{section*.427}{\376\377\000T\000h\000e\000\040\000C\000o\000n\000t\000r\000a\000c\000t\000i\000o\000n\000\040\000P\000r\000i\000n\000c\000i\000p\000l\000e}{chapter*.407}% 81
\BOOKMARK [1][-]{section*.431}{\376\377\000I\000n\000v\000e\000r\000s\000e\000\040\000a\000n\000d\000\040\000I\000m\000p\000l\000i\000c\000i\000t\000\040\000F\000u\000n\000c\000t\000i\000o\000n\000s}{chapter*.407}% 82
\BOOKMARK [1][-]{section*.436}{\376\377\000E\000x\000e\000r\000c\000i\000s\000e\000s}{chapter*.407}% 83
\BOOKMARK [1][-]{section*.450}{\376\377\000P\000e\000r\000s\000p\000e\000c\000t\000i\000v\000e\000\040\000a\000n\000d\000\040\000T\000r\000a\000n\000s\000i\000t\000i\000o\000n}{chapter*.407}% 84
\BOOKMARK [0][-]{chapter*.451}{\376\377\000R\000i\000e\000m\000a\000n\000n\000\040\000I\000n\000t\000e\000g\000r\000a\000t\000i\000o\000n\000\040\000i\000n\000\040\000S\000e\000v\000e\000r\000a\000l\000\040\000V\000a\000r\000i\000a\000b\000l\000e\000s}{part*.332}% 85
\BOOKMARK [1][-]{section*.452}{\376\377\000R\000e\000c\000t\000a\000n\000g\000l\000e\000s\000,\000\040\000P\000a\000r\000t\000i\000t\000i\000o\000n\000s\000,\000\040\000a\000n\000d\000\040\000D\000a\000r\000b\000o\000u\000x\000\040\000S\000u\000m\000s}{chapter*.451}% 86
\BOOKMARK [1][-]{section*.458}{\376\377\000I\000t\000e\000r\000a\000t\000e\000d\000\040\000I\000n\000t\000e\000g\000r\000a\000l\000s\000\040\000a\000n\000d\000\040\000J\000o\000r\000d\000a\000n\000-\000M\000e\000a\000s\000u\000r\000a\000b\000l\000e\000\040\000S\000e\000t\000s}{chapter*.451}% 87
\BOOKMARK [1][-]{section*.462}{\376\377\000U\000n\000i\000f\000o\000r\000m\000\040\000L\000i\000m\000i\000t\000s\000\040\000a\000n\000d\000\040\000M\000u\000l\000t\000i\000p\000l\000e\000\040\000I\000n\000t\000e\000g\000r\000a\000t\000i\000o\000n}{chapter*.451}% 88
\BOOKMARK [1][-]{section*.478}{\376\377\000L\000i\000n\000e\000a\000r\000\040\000C\000h\000a\000n\000g\000e\000s\000\040\000o\000f\000\040\000V\000a\000r\000i\000a\000b\000l\000e\000s}{chapter*.451}% 89
\BOOKMARK [1][-]{section*.481}{\376\377\000N\000o\000n\000l\000i\000n\000e\000a\000r\000\040\000C\000h\000a\000n\000g\000e\000s\000\040\000o\000f\000\040\000V\000a\000r\000i\000a\000b\000l\000e\000s}{chapter*.451}% 90
\BOOKMARK [2][-]{subsection*.484}{\376\377\000A\000l\000t\000e\000r\000n\000a\000t\000i\000v\000e\000\040\000V\000i\000e\000w\000p\000o\000i\000n\000t\000:\000\040\000P\000u\000l\000l\000b\000a\000c\000k\000s\000\040\000a\000n\000d\000\040\000M\000a\000n\000i\000f\000o\000l\000d\000\040\000I\000n\000t\000e\000g\000r\000a\000t\000i\000o\000n}{section*.481}% 91
\BOOKMARK [1][-]{section*.486}{\376\377\000E\000x\000e\000r\000c\000i\000s\000e\000s}{chapter*.451}% 92
\BOOKMARK [1][-]{section*.497}{\376\377\000L\000i\000m\000i\000t\000s\000\040\000o\000f\000\040\000t\000h\000e\000\040\000R\000i\000e\000m\000a\000n\000n\000\040\000T\000h\000e\000o\000r\000y}{chapter*.451}% 93
\BOOKMARK [0][-]{chapter*.498}{\376\377\000D\000i\000f\000f\000e\000r\000e\000n\000t\000i\000a\000l\000\040\000F\000o\000r\000m\000s\000\040\000a\000n\000d\000\040\000S\000t\000o\000k\000e\000s}{part*.332}% 94
\BOOKMARK [1][-]{section*.499}{\376\377\000W\000h\000y\000\040\000M\000a\000n\000i\000f\000o\000l\000d\000s\000?\000\040\000A\000\040\000P\000r\000e\000v\000i\000e\000w}{chapter*.498}% 95
\BOOKMARK [1][-]{section*.500}{\376\377\000A\000l\000t\000e\000r\000n\000a\000t\000i\000n\000g\000\040\000M\000u\000l\000t\000i\000l\000i\000n\000e\000a\000r\000\040\000A\000l\000g\000e\000b\000r\000a}{chapter*.498}% 96
\BOOKMARK [1][-]{section*.506}{\376\377\000D\000i\000f\000f\000e\000r\000e\000n\000t\000i\000a\000l\000\040\000F\000o\000r\000m\000s\000,\000\040\000P\000u\000l\000l\000b\000a\000c\000k\000s\000,\000\040\000a\000n\000d\000\040\000E\000x\000t\000e\000r\000i\000o\000r\000\040\000D\000e\000r\000i\000v\000a\000t\000i\000v\000e\000s}{chapter*.498}% 97
\BOOKMARK [1][-]{section*.516}{\376\377\000I\000n\000t\000e\000g\000r\000a\000t\000i\000o\000n\000\040\000a\000n\000d\000\040\000t\000h\000e\000\040\000L\000o\000c\000a\000l\000\040\000S\000t\000o\000k\000e\000s\000\040\000T\000h\000e\000o\000r\000e\000m}{chapter*.498}% 98
\BOOKMARK [1][-]{section*.523}{\376\377\000M\000a\000n\000i\000f\000o\000l\000d\000s\000\040\000a\000n\000d\000\040\000t\000h\000e\000\040\000G\000l\000o\000b\000a\000l\000\040\000S\000t\000o\000k\000e\000s\000\040\000T\000h\000e\000o\000r\000e\000m}{chapter*.498}% 99
\BOOKMARK [1][-]{section*.537}{\376\377\000C\000l\000a\000s\000s\000i\000c\000a\000l\000\040\000C\000o\000n\000s\000e\000q\000u\000e\000n\000c\000e\000s}{chapter*.498}% 100
\BOOKMARK [1][-]{section*.543}{\376\377\000E\000x\000e\000r\000c\000i\000s\000e\000s}{chapter*.498}% 101
\BOOKMARK [1][-]{section*.554}{\376\377\000P\000e\000r\000s\000p\000e\000c\000t\000i\000v\000e\000\040\000a\000n\000d\000\040\000F\000u\000r\000t\000h\000e\000r\000\040\000D\000i\000r\000e\000c\000t\000i\000o\000n\000s}{chapter*.498}% 102
\BOOKMARK [0][-]{section*.554}{\376\377\000R\000e\000f\000e\000r\000e\000n\000c\000e\000s\000\040\000a\000n\000d\000\040\000F\000u\000r\000t\000h\000e\000r\000\040\000R\000e\000a\000d\000i\000n\000g}{part*.332}% 103
